[pxltheme.com/html/bolby/landing/index.html]
[backblue.gif]
[fade.gif]
[index.html]
[pxltheme.com/html/bolby/landing/images/favicon.png]
[pxltheme.com/html/bolby/landing/images/1-1-min.png]
[pxltheme.com/html/bolby/landing/images/1-2-min.png]
[pxltheme.com/html/bolby/landing/images/1-3-min.png]
[pxltheme.com/html/bolby/landing/images/2-1-min.png]
[pxltheme.com/html/bolby/landing/images/2-2-min.png]
[pxltheme.com/html/bolby/landing/images/2-3-min.png]
[pxltheme.com/html/bolby/landing/images/3-1-min.png]
[pxltheme.com/html/bolby/landing/images/3-2-min.png]
[pxltheme.com/html/bolby/landing/images/3-3-min.png]
[pxltheme.com/html/bolby/landing/js/jquery-1.12.3.min.js]
[pxltheme.com/html/bolby/landing/js/jquery.easing.min.js]
[pxltheme.com/html/bolby/landing/js/jquery.waypoints.min.js]
[pxltheme.com/html/bolby/landing/js/jquery.counterup.min.js]
[pxltheme.com/html/bolby/landing/js/popper.min.js]
[pxltheme.com/html/bolby/landing/js/bootstrap.min.js]
[pxltheme.com/html/bolby/landing/js/isotope.pkgd.min.js]
[pxltheme.com/html/bolby/landing/js/infinite-scroll.min.js]
[pxltheme.com/html/bolby/landing/js/imagesloaded.pkgd.min.js]
[pxltheme.com/html/bolby/landing/js/slick.min.js]
[pxltheme.com/html/bolby/landing/js/contact.js]
[pxltheme.com/html/bolby/landing/js/validator.js]
[pxltheme.com/html/bolby/landing/js/wow.min.js]
[pxltheme.com/html/bolby/landing/js/morphext.min.js]
[pxltheme.com/html/bolby/landing/js/parallax.min.js]
[pxltheme.com/html/bolby/landing/js/jquery.magnific-popup.min.js]
[pxltheme.com/html/bolby/landing/js/custom.js]
[pxltheme.com/html/bolby/landing/index.html]
[pxltheme.com/html/bolby/landing/css/bootstrap.min.css]
[pxltheme.com/html/bolby/landing/webfonts/fa-brands-400.eot]
[pxltheme.com/html/bolby/landing/webfonts/fa-brands-400d41d.eot]
[pxltheme.com/html/bolby/landing/webfonts/fa-brands-400.woff2]
[pxltheme.com/html/bolby/landing/webfonts/fa-brands-400.woff]
[pxltheme.com/html/bolby/landing/webfonts/fa-brands-400.ttf]
[pxltheme.com/html/bolby/landing/webfonts/fa-regular-400.eot]
[pxltheme.com/html/bolby/landing/webfonts/fa-regular-400d41d.eot]
[pxltheme.com/html/bolby/landing/webfonts/fa-regular-400.woff2]
[pxltheme.com/html/bolby/landing/webfonts/fa-regular-400.woff]
[pxltheme.com/html/bolby/landing/webfonts/fa-regular-400.ttf]
[pxltheme.com/html/bolby/landing/webfonts/fa-solid-900.eot]
[pxltheme.com/html/bolby/landing/webfonts/fa-solid-900d41d.eot]
[pxltheme.com/html/bolby/landing/webfonts/fa-solid-900.woff2]
[pxltheme.com/html/bolby/landing/webfonts/fa-solid-900.woff]
[pxltheme.com/html/bolby/landing/webfonts/fa-solid-900.ttf]
[pxltheme.com/html/bolby/landing/css/all.min.css]
[pxltheme.com/html/bolby/landing/fonts/Simple-Line-Iconsb26c.eot]
[pxltheme.com/html/bolby/landing/fonts/Simple-Line-Iconsb26c.woff2]
[pxltheme.com/html/bolby/landing/fonts/Simple-Line-Iconsb26c.ttf]
[pxltheme.com/html/bolby/landing/fonts/Simple-Line-Iconsb26c.woff]
[pxltheme.com/html/bolby/landing/css/simple-line-icons.css]
[pxltheme.com/html/bolby/landing/images/ajax-loader.gif]
[pxltheme.com/html/bolby/landing/fonts/slick.eot]
[pxltheme.com/html/bolby/landing/fonts/slickd41d.eot]
[pxltheme.com/html/bolby/landing/fonts/slick.woff]
[pxltheme.com/html/bolby/landing/fonts/slick.ttf]
[pxltheme.com/html/bolby/landing/css/slick.css]
[pxltheme.com/html/bolby/landing/css/animate.css]
[pxltheme.com/html/bolby/landing/css/magnific-popup.css]
[pxltheme.com/html/bolby/landing/css/style.css]
[pxltheme.com/html/bolby/landing/images/envato.svg]
[pxltheme.com/html/bolby/landing/webfonts/fa-brands-400.svg]
[pxltheme.com/html/bolby/landing/webfonts/fa-regular-400.svg]
[pxltheme.com/html/bolby/landing/webfonts/fa-solid-900.svg]
[pxltheme.com/html/bolby/landing/fonts/Simple-Line-Iconsb26c.svg]
[pxltheme.com/html/bolby/landing/fonts/slick.svg]
[pxltheme.com/html/bolby/landing/images/dots-bg.svg]
[pxltheme.com/html/bolby/landing/images/dots-bg-light.html]
[pxltheme.com/html/bolby/landing/images/map-light.html]
